<code class="language-bash">
$ <span class="token builtin class-name">echo</span> <span class="token string">"Hello World"</span>
</code>
