<code class="language-json">
<span class="token punctuation">{</span>
  <span class="token property">&quot;name&quot;</span><span class="token operator">:</span> <span class="token string">&quot;metalsmith-prism&quot;</span><span class="token punctuation">,</span>
  <span class="token property">&quot;description&quot;</span><span class="token operator">:</span> <span class="token string">&quot;Provides syntax highlighting&quot;</span>
<span class="token punctuation">}</span>
</code>
