<code class="language-javascript line-numbers">
<span class="token keyword">var</span> name <span class="token operator">=</span> <span class="token string">&quot;Rob&quot;</span><span class="token punctuation">;</span>
</code>
