<code class="language-scala">
  <span class="token keyword">val</span> hello<span class="token operator">:</span> <span class="token builtin">String</span> <span class="token operator">=</span> <span class="token string">&quot;Hello world!&quot;</span>
</code>
