<html>
<head>
  <title>Testing Multiple Languages in one file</title>
</head>
<body>
<h1>Testing Multiple Languages in one file</h1>
<pre><code class="language-json">
<span class="token punctuation">{</span>
  <span class="token keys">&quot;name&quot;</span><span class="token punctuation">:</span> &quot;metalsmith-prism&quot;<span class="token punctuation">,</span>
  <span class="token keys">&quot;description&quot;</span><span class="token punctuation">:</span> &quot;Provides syntax highlighting&quot;
<span class="token punctuation">}</span>
</code></pre>

<pre><code class="language-ruby">
plugin <span class="token operator">=</span> <span class="token punctuation">{</span> name<span class="token punctuation">:</span> <span class="token string">&quot;metalsmith-prism&quot;</span> <span class="token punctuation">}</span>
puts &quot;<span class="token constant">Good</span> day to you<span class="token punctuation">,</span> from <span class="token comment" spellcheck="true">#{plugin.name}&quot;
</span></code></pre>

<pre><code class="language-bash">
$ <span class="token keyword">echo</span> <span class="token string">&quot;Hello World&quot;</span>
</code></pre>

<footer>This is the footer</footer>
</body>
</html>